[DEBUG] RowVector(size_t)
[DEBUG] RowVector(size_t)
[DEBUG] RowVector(size_t)
[DEBUG] RowVector(size_t)
[DEBUG] RowVector(size_t)
[DEBUG] RowVector(size_t)
[DEBUG] ~RowVector()
[DEBUG] ~RowVector()
[DEBUG] ~RowVector()
[0.000000, 0.000000, 0.000000]
[0.000000, 0.000000, 0.000000]
[DEBUG] ~RowVector()
