[DEBUG] RowVector(size_t)
[DEBUG] RowVector(RowVector&&)
[DEBUG] RowVector(size_t)
[DEBUG] RowVector(RowVector&&)
[DEBUG] RowVector(size_t)
[DEBUG] ~RowVector()
[DEBUG] RowVector(size_t)
[0.000000]
[0.000000, 0.000000]
[0.000000, 0.000000, 0.000000]
[0.000000, 0.000000, 0.000000, 0.000000]
[DEBUG] ~RowVector()
[DEBUG] ~RowVector()
[DEBUG] ~RowVector()
